// Jest Snapshot v1, https://goo.gl/fbAQLP

exports[`snapshots 1`] = `
<div
  className="search"
>
  <form
    className="form form-group"
    onSubmit={[Function]}
    style={
      Object {
        "marginBottom": "5px",
      }
    }
  >
    <input
      onChange={[Function]}
      type="text"
    />
    <button
      className="btn btn-primary"
      disabled={false}
      type="submit"
    >
       Search 
    </button>
  </form>
</div>
`;
