// Jest Snapshot v1, https://goo.gl/fbAQLP

exports[`snapshots 1`] = `
<form
  onSubmit={[Function]}
>
  <input
    onChange={[Function]}
    type="text"
  />
  <button
    className="btn btn-info"
    type="submit"
  >
    <span
      className="glyphicon glyphicon-search"
    />
     
     Search 
  </button>
</form>
`;
