// Jest Snapshot v1, https://goo.gl/fbAQLP

exports[`snapshots 1`] = `
<div>
  <div
    className=""
  >
    <header>
      <div
        className="text-center card-header"
      >
        <h1>
          HN Client
          <small>
             The hacker news client
          </small>
          <button
            className=" dark-button text-bottom float-right btn btn-sm btn-primary"
            onClick={[Function]}
            type="button"
          >
            Dark Theme
          </button>
        </h1>
      </div>
    </header>
    <div
      className="page"
    >
      <div
        className="interactions"
      >
        <div
          className="search"
        >
          <form
            className="form form-group"
            onSubmit={[Function]}
            style={
              Object {
                "marginBottom": "5px",
              }
            }
          >
            <input
              onChange={[Function]}
              type="text"
              value="redux"
            />
            <button
              className="btn btn-primary"
              disabled={false}
              type="submit"
            >
              Search
            </button>
          </form>
        </div>
      </div>
      <div
        className="table"
      >
        <div
          className="table-header"
        >
          <span
            style={
              Object {
                "width": "40%",
              }
            }
          >
            <button
              className="button-inline"
              onClick={[Function]}
              type="button"
            >
              Title
            </button>
          </span>
          <span
            style={
              Object {
                "width": "30%",
              }
            }
          >
            <button
              className="button-inline"
              onClick={[Function]}
              type="button"
            >
              Author
            </button>
          </span>
          <span
            style={
              Object {
                "width": "10%",
              }
            }
          >
            <button
              className="button-inline"
              onClick={[Function]}
              type="button"
            >
              Comments
            </button>
          </span>
          <span
            style={
              Object {
                "width": "10%",
              }
            }
          >
            <button
              className="button-inline"
              onClick={[Function]}
              type="button"
            >
              Points
            </button>
          </span>
          <span
            style={
              Object {
                "width": "10%",
              }
            }
          >
            Archive
          </span>
        </div>
      </div>
      <div
        className="interactions"
      >
        <div>
          <img
            alt="Loading..."
            src="loading.gif"
          />
        </div>
      </div>
    </div>
  </div>
</div>
`;
